[
  {
    "common": [
      {
        "key": "follow",
        "status": "added",
        "value": false
      },
      {
        "key": "setting1",
        "status": "unchanged",
        "value": "Value 1"
      },
      {
        "key": "setting2",
        "status": "removed",
        "value": 200
      },
      {
        "key": "setting3",
        "status": "updated",
        "old": true,
        "new": null
      },
      {
        "key": "setting4",
        "status": "added",
        "value": "blah blah"
      },
      {
        "key": "setting5",
        "status": "added",
        "value": {
          "key5": "value5"
        }
      },
      {
        "setting6": [
          {
            "doge": [
              {
                "key": "wow",
                "status": "updated",
                "old": "",
                "new": "so much"
              }
            ]
          },
          {
            "key": "key",
            "status": "unchanged",
            "value": "value"
          },
          {
            "key": "ops",
            "status": "added",
            "value": "vops"
          }
        ]
      }
    ]
  },
  {
    "group1": [
      {
        "key": "baz",
        "status": "updated",
        "old": "bas",
        "new": "bars"
      },
      {
        "key": "foo",
        "status": "unchanged",
        "value": "bar"
      },
      {
        "key": "nest",
        "status": "updated",
        "old": {
          "key": "value"
        },
        "new": "str"
      }
    ]
  },
  {
    "key": "group2",
    "status": "removed",
    "value": {
      "abc": 12345,
      "deep": {
        "id": 45
      }
    }
  },
  {
    "key": "group3",
    "status": "added",
    "value": {
      "deep": {
        "id": {
          "number": 45
        }
      },
      "fee": 100500
    }
  }
]