[
  {
    "key": "common",
    "actual_value": [
      {
        "key": "setting1",
        "status": "removed",
        "actual_value": "Value 1"
      },
      {
        "key": "setting2",
        "status": "removed",
        "actual_value": 200
      },
      {
        "key": "setting3",
        "status": "removed",
        "actual_value": true
      },
      {
        "key": "setting6",
        "actual_value": [
          {
            "key": "doge",
            "actual_value": [
              {
                "key": "such",
                "status": "added",
                "actual_value": "skill"
              },
              {
                "key": "wow",
                "status": "updated",
                "old_value": "real",
                "actual_value": "wew"
              }
            ]
          }
        ]
      }
    ]
  },
  {
    "key": "group1",
    "status": "removed",
    "actual_value": {
      "baz": "bas",
      "foo": "barss",
      "nest": {
        "key": "value"
      }
    }
  },
  {
    "key": "group2",
    "actual_value": [
      {
        "key": "abc",
        "status": "removed",
        "actual_value": 12345
      },
      {
        "key": "deep",
        "actual_value": [
          {
            "key": "id",
            "status": "unchanged",
            "actual_value": 45
          },
          {
            "key": "uid",
            "status": "updated",
            "old_value": 48,
            "actual_value": 486
          }
        ]
      }
    ]
  }
]