[
  {
    "key": "common",
    "actual_value": [
      {
        "key": "setting1",
        "status": "unchanged",
        "actual_value": "Value 1"
      },
      {
        "key": "setting2",
        "status": "unchanged",
        "actual_value": 200
      },
      {
        "key": "setting3",
        "status": "unchanged",
        "actual_value": true
      },
      {
        "key": "setting6",
        "actual_value": [
          {
            "key": "doge",
            "actual_value": [
              {
                "key": "wow",
                "status": "updated",
                "old_value": "",
                "actual_value": "real"
              }
            ]
          },
          {
            "key": "key",
            "status": "removed",
            "actual_value": "value"
          }
        ]
      }
    ]
  },
  {
    "key": "group1",
    "actual_value": [
      {
        "key": "baz",
        "status": "unchanged",
        "actual_value": "bas"
      },
      {
        "key": "foo",
        "status": "updated",
        "old_value": "bar",
        "actual_value": "barss"
      },
      {
        "key": "nest",
        "actual_value": [
          {
            "key": "key",
            "status": "unchanged",
            "actual_value": "value"
          }
        ]
      }
    ]
  },
  {
    "key": "group2",
    "actual_value": [
      {
        "key": "abc",
        "status": "unchanged",
        "actual_value": 12345
      },
      {
        "key": "deep",
        "actual_value": [
          {
            "key": "id",
            "status": "unchanged",
            "actual_value": 45
          },
          {
            "key": "uid",
            "status": "added",
            "actual_value": 48
          }
        ]
      }
    ]
  }
]